// Jest Snapshot v1, https://goo.gl/fbAQLP

exports[`Content component Should have all the contents information 1`] = `
<div
  className="content"
>
  <div
    className="row"
  >
    <div
      className="col-sm-4"
    >
      <Sources />
    </div>
    <div
      className="Search"
    >
      <Search />
    </div>
    <div
      className="col-sm-8"
    >
      <Articles />
    </div>
  </div>
</div>
`;
