// Jest Snapshot v1, https://goo.gl/fbAQLP

exports[`Home Component Should render a home page 1`] = `
<div
  className="home"
>
  <div
    className="headers"
  >
    <Header />
  </div>
  <div
    className="login"
  >
    <Login />
  </div>
  <div
    className="content"
  >
    <Content />
  </div>
  <Footer />
</div>
`;
